Running: F:\413\Xilinx\14.7\ISE_DS\ISE\bin\nt64\unwrapped\fuse.exe -intstyle ise -incremental -lib secureip -o D:/BRAC/Current/EEE413/ALU_RISCV/tb_register_file_isim_beh.exe -prj D:/BRAC/Current/EEE413/ALU_RISCV/tb_register_file_beh.prj work.tb_register_file 
ISim P.20131013 (signature 0x7708f090)
Number of CPUs detected in this system: 4
Turning on mult-threading, number of parallel sub-compilation jobs: 8 
Determining compilation order of HDL files
Parsing VHDL file "D:/BRAC/Current/EEE413/ALU_RISCV/register_file.vhd" into library work
Parsing VHDL file "D:/BRAC/Current/EEE413/ALU_RISCV/tb_register_file.vhd" into library work
Starting static elaboration
Completed static elaboration
Compiling package standard
Compiling package std_logic_1164
Compiling package numeric_std
Compiling package textio
Compiling package std_logic_textio
Compiling architecture rtl of entity register_file [register_file_default]
Compiling architecture sim of entity tb_register_file
Time Resolution for simulation is 1ps.
Waiting for 1 sub-compilation(s) to finish...
Compiled 8 VHDL Units
Built simulation executable D:/BRAC/Current/EEE413/ALU_RISCV/tb_register_file_isim_beh.exe
Fuse Memory Usage: 37032 KB
Fuse CPU Usage: 421 ms
