ISim log file
Running: D:\BRAC\Current\EEE413\ALU_RISCV\tb_register_file_isim_beh.exe -intstyle ise -gui -tclbatch isim.cmd -wdb D:/BRAC/Current/EEE413/ALU_RISCV/tb_register_file_isim_beh.wdb 
INFO: There is another simulation running in the same directory. Using database file name isim1.wdb.
ISim P.20131013 (signature 0x7708f090)
----------------------------------------------------------------------
INFO:Security:51 - The XILINXD_LICENSE_FILE environment variable is not set.
INFO:Security:53 - The LM_LICENSE_FILE environment variable is not set.
WARNING:Security:43 - No license file was found in the standard Xilinx license directory.
WARNING:Security:44 - Since no license file was found,
       please run the Xilinx License Configuration Manager
       (xlcm or "Manage Xilinx Licenses")
       to assist in obtaining a license.
WARNING:Security:42 - Your software subscription period has lapsed. Your current version of Xilinx tools will continue to function, but you no longer qualify for Xilinx software updates or new releases.


----------------------------------------------------------------------
This is a Full version of ISim.
Time resolution is 1 ps
# onerror resume
# wave add /
# run 1000 ns
Simulator is doing circuit initialization process.
Finished circuit initialization process.
  PASS  x0 stays zero after attempted write
  PASS  basic write-then-read (x5=42)
  PASS  debug port reads the same value
  PASS  write-through bypass: read sees the value being written this cycle, not stale data
-------------------------------------
register_file unit test: 4 passed, 0 failed
at 25 ns(1): Note: REGISTER_FILE TESTBENCH PASSED (/tb_register_file/).
